// Jest Snapshot v1, https://goo.gl/fbAQLP

exports[`<T /> component tests should render and match the snapshot 1`] = `
<body>
  <div>
    <p
      class="sc-bdnxRM caWfaj"
      data-testid="t"
    />
  </div>
</body>
`;
