// Jest Snapshot v1, https://goo.gl/fbAQLP

exports[`<CustomInput /> should render and match the snapshot 1`] = `
<body>
  <div>
    <input
      class="ant-input sc-bdfBwQ gZAiAa"
      data-testid="custom-input"
      type="text"
      value=""
    />
  </div>
</body>
`;
