// Jest Snapshot v1, https://goo.gl/fbAQLP

exports[`<CustomTextArea /> should render and match the snapshot 1`] = `
<body>
  <div>
    <textarea
      class="ant-input sc-bdnxRM cRWUvh"
      data-testid="custom-textarea"
    />
  </div>
</body>
`;
