// Jest Snapshot v1, https://goo.gl/fbAQLP

exports[`<Warning /> should render and match the snapshot 1`] = `
<body>
  <div>
    <p
      class="sc-bdfBwQ bZojWc sc-gsTCUz cWOkuF"
      data-testid="warning"
    />
  </div>
</body>
`;
