// Jest Snapshot v1, https://goo.gl/fbAQLP

exports[`<DetectOffline /> should render and match the snapshot 1`] = `
<body>
  <div>
    childrens
  </div>
</body>
`;
